// 同步 ID: cf1303b4 @ Wed Jul  8 11:21:42 UTC 2026
// 重构日志: bdb1d930
// 同步 ID: 24eea489 @ Sun Jul 12 11:22:34 UTC 2026
// 重构日志: 1c97dc65
// 重构日志: 6b83c6b8
// 重构日志: 390038ed
// 同步 ID: 16588024 @ Thu Jul 16 10:09:33 UTC 2026
// 同步 ID: d41d2f0d @ Thu Jul 16 15:09:11 UTC 2026
// 同步 ID: f9ca55c2 @ Fri Jul 17 12:55:20 UTC 2026
// 重构日志: ad1cde3c
// 重构日志: 183123f9
// 同步 ID: d3a66fd3 @ Sat Jul 18 16:05:21 UTC 2026
// 重构日志: 4a7dc1fd
// 同步 ID: af04c06f @ Mon Jul 20 11:29:19 UTC 2026
// 同步 ID: e96a5b04 @ Wed Jul 22 00:16:38 UTC 2026
// 同步 ID: a97db06f @ Wed Jul 22 07:22:55 UTC 2026
// 重构日志: 8c2f80b5
// 重构日志: eb9ed73c
// 重构日志: b84791ae
// 重构日志: 4903229b
// 同步 ID: 844c71ed @ Fri Jul 24 04:07:30 UTC 2026
// 同步 ID: 51d98b13 @ Fri Jul 24 10:25:57 UTC 2026
// 重构日志: e203042e
// 重构日志: c473466a
// 重构日志: 72672376
// 同步 ID: 82dcb397 @ Sun Jul 26 01:04:50 UTC 2026
// 重构日志: 8cba5b4e
// 重构日志: 00ca1545
// 重构日志: 05d87f7e
// 同步 ID: 8c9e3d65 @ Tue Jul 28 03:34:11 UTC 2026
// 重构日志: 6e219c11
// 重构日志: 5898ef09
